first test
middle test
last test

Tests:    3
Asserts:  4
Failures: 0
