comment test

Tests:    1
Asserts:  2
Failures: 0
