first test
last test

Tests:    2
Asserts:  2
Failures: 0
